
*** Running vivado
    with args -log seg_decoder.vdi -applog -m64 -product Vivado -messageDb vivado.pb -mode batch -source seg_decoder.tcl -notrace


INFO: [Common 17-3922] A valid Vivado Design Suite BASIC license has been detected. Your current license is active and will expire on 11-sep-2027.
#-----------------------------------------------------------
# Vivado v2026.1 (64-bit)
# SW Build 6511674 on Tue Jun 16 11:02:23 MDT 2026
# IP Build 6504888 on Tue Jun 09 09:05:25 MDT 2026
# SharedData Build 6501428 on Mon Jun 08 17:34:18 MDT 2026
# Start of session at: Sat Sep 19 01:13:33 2026
# Process ID         : 23792
# Current directory  : C:/Users/a2391/lab1_10_seven_segment/vivado/seg_decoder.runs/impl_1
# Command line       : vivado.exe -log seg_decoder.vdi -applog -product Vivado -messageDb vivado.pb -mode batch -source seg_decoder.tcl -notrace
# Log file           : C:/Users/a2391/lab1_10_seven_segment/vivado/seg_decoder.runs/impl_1/seg_decoder.vdi
# Journal file       : C:/Users/a2391/lab1_10_seven_segment/vivado/seg_decoder.runs/impl_1\vivado.jou
# Running On         : BOOK-OPT2TNA3HM
# Platform           : Windows 11
# Operating System   : 26200
# Processor Detail   : Intel(R) Core(TM) Ultra 5 226V
# CPU Frequency      : 3110 MHz
# CPU Physical cores : 8
# CPU Logical cores  : 8
# Host memory        : 16687 MB
# Swap memory        : 6442 MB
# Total Virtual      : 23130 MB
# Available Virtual  : 4050 MB
#-----------------------------------------------------------

****** Vivado v2026.1 (64-bit)
  **** SW Build 6511674 on Tue Jun 16 11:02:23 MDT 2026
  **** IP Build 6504888 on Tue Jun 09 09:05:25 MDT 2026
  **** SharedData Build 6501428 on Mon Jun 08 17:34:18 MDT 2026
  **** Start of session at: Sat Sep 19 01:13:33 2026
    ** Copyright 1986-2022 Xilinx, Inc. All Rights Reserved.
    ** Copyright 2022-2026 Advanced Micro Devices, Inc. All Rights Reserved.

source seg_decoder.tcl -notrace
create_project: Time (s): cpu = 00:00:10 ; elapsed = 00:00:08 . Memory (MB): peak = 580.184 ; gain = 268.254
Command: link_design -top seg_decoder -part xc7s75fgga484-1
Design is defaulting to srcset: sources_1
Design is defaulting to constrset: constrs_1
INFO: [Device 21-403] Loading part xc7s75fgga484-1
Netlist sorting complete. Time (s): cpu = 00:00:00 ; elapsed = 00:00:00 . Memory (MB): peak = 768.664 ; gain = 0.000
INFO: [Project 1-479] Netlist was created with Vivado 2026.1
INFO: [Project 1-570] Preparing netlist for logic optimization
Parsing XDC File [C:/Users/a2391/lab1_10_seven_segment/constraints/seg_decoder.xdc]
Finished Parsing XDC File [C:/Users/a2391/lab1_10_seven_segment/constraints/seg_decoder.xdc]
INFO: [Opt 31-138] Pushed 0 inverter(s) to 0 load pin(s).
Netlist sorting complete. Time (s): cpu = 00:00:00 ; elapsed = 00:00:00 . Memory (MB): peak = 889.758 ; gain = 0.000
INFO: [Project 1-111] Unisim Transformation Summary:
No Unisim elements were transformed.

5 Infos, 0 Warnings, 0 Critical Warnings and 0 Errors encountered.
link_design completed successfully
Command: opt_design
Attempting to get a license for feature 'Vivado_Implementation' and/or device 'xc7s75'
INFO: [Common 17-349] Got license for feature 'Vivado_Implementation' and/or device 'xc7s75'
Running DRC as a precondition to command opt_design

Starting DRC Task
INFO: [DRC 23-27] Running DRC with 2 threads
INFO: [Project 1-461] DRC finished with 0 Errors
INFO: [Project 1-462] Please refer to the DRC report (report_drc) for more information.

Time (s): cpu = 00:00:00 ; elapsed = 00:00:00.340 . Memory (MB): peak = 912.203 ; gain = 17.453

Starting Cache Timing Information Task
INFO: [Timing 38-35] Done setting XDC timing constraints.
Ending Cache Timing Information Task | Checksum: 1f79cd6ea

Time (s): cpu = 00:00:04 ; elapsed = 00:00:04 . Memory (MB): peak = 1350.516 ; gain = 438.312

Starting Logic Optimization Task

Phase 1 Initialization

Phase 1.1 Core Generation And Design Setup
Phase 1.1 Core Generation And Design Setup | Checksum: 1f79cd6ea

Time (s): cpu = 00:00:00 ; elapsed = 00:00:00.002 . Memory (MB): peak = 1853.062 ; gain = 0.000

Phase 1.2 Setup Constraints And Sort Netlist
Phase 1.2 Setup Constraints And Sort Netlist | Checksum: 1f79cd6ea

Time (s): cpu = 00:00:00 ; elapsed = 00:00:00.003 . Memory (MB): peak = 1853.062 ; gain = 0.000
Phase 1 Initialization | Checksum: 1f79cd6ea

Time (s): cpu = 00:00:00 ; elapsed = 00:00:00.004 . Memory (MB): peak = 1853.062 ; gain = 0.000

Phase 2 Timer Update And Timing Data Collection

Phase 2.1 Detect if minReqCache needed
Phase 2.1 Detect if minReqCache needed | Checksum: 1f79cd6ea

Time (s): cpu = 00:00:00 ; elapsed = 00:00:00.008 . Memory (MB): peak = 1853.094 ; gain = 0.031

Phase 2.2 Timer Update
Phase 2.2 Timer Update | Checksum: 1f79cd6ea

Time (s): cpu = 00:00:00 ; elapsed = 00:00:00.010 . Memory (MB): peak = 1853.094 ; gain = 0.031
Phase 2 Timer Update And Timing Data Collection | Checksum: 1f79cd6ea

Time (s): cpu = 00:00:00 ; elapsed = 00:00:00.011 . Memory (MB): peak = 1853.094 ; gain = 0.031

Phase 3 Retarget
INFO: [Opt 31-1851] Number of loadless carry chains removed were: 0
INFO: [Opt 31-1834] Total Chains To Be Transformed Were: 0 AND Number of Transformed insts Created are: 0
INFO: [Opt 31-138] Pushed 0 inverter(s) to 0 load pin(s).
INFO: [Opt 31-49] Retargeted 0 cell(s).
Phase 3 Retarget | Checksum: 1f79cd6ea

Time (s): cpu = 00:00:00 ; elapsed = 00:00:00.015 . Memory (MB): peak = 1853.094 ; gain = 0.031
Retarget | Checksum: 1f79cd6ea
INFO: [Opt 31-389] Phase Retarget created 0 cells and removed 0 cells

Phase 4 Constant propagation
INFO: [Opt 31-138] Pushed 0 inverter(s) to 0 load pin(s).
Phase 4 Constant propagation | Checksum: 1f79cd6ea

Time (s): cpu = 00:00:00 ; elapsed = 00:00:00.017 . Memory (MB): peak = 1853.094 ; gain = 0.031
Constant propagation | Checksum: 1f79cd6ea
INFO: [Opt 31-389] Phase Constant propagation created 0 cells and removed 0 cells

Phase 5 Sweep
INFO: [Constraints 18-11670] Building netlist checker database with flags, 0x8
Done building netlist checker database: Time (s): cpu = 00:00:00 ; elapsed = 00:00:00 . Memory (MB): peak = 1853.094 ; gain = 0.000
Phase 5 Sweep | Checksum: 1f79cd6ea

Time (s): cpu = 00:00:00 ; elapsed = 00:00:00.020 . Memory (MB): peak = 1853.094 ; gain = 0.031
Sweep | Checksum: 1f79cd6ea
INFO: [Opt 31-389] Phase Sweep created 0 cells and removed 0 cells

Phase 6 BUFG optimization
Phase 6 BUFG optimization | Checksum: 1f79cd6ea

Time (s): cpu = 00:00:00 ; elapsed = 00:00:00.029 . Memory (MB): peak = 1853.094 ; gain = 0.031
BUFG optimization | Checksum: 1f79cd6ea
INFO: [Opt 31-662] Phase BUFG optimization created 0 cells of which 0 are BUFGs and removed 0 cells.

Phase 7 Shift Register Optimization
INFO: [Opt 31-1064] SRL Remap converted 0 SRLs to 0 registers and converted 0 registers of register chains to 0 SRLs
Phase 7 Shift Register Optimization | Checksum: 1f79cd6ea

Time (s): cpu = 00:00:00 ; elapsed = 00:00:00.031 . Memory (MB): peak = 1853.094 ; gain = 0.031
Shift Register Optimization | Checksum: 1f79cd6ea
INFO: [Opt 31-389] Phase Shift Register Optimization created 0 cells and removed 0 cells

Phase 8 Post Processing Netlist
Phase 8 Post Processing Netlist | Checksum: 1f79cd6ea

Time (s): cpu = 00:00:00 ; elapsed = 00:00:00.033 . Memory (MB): peak = 1853.094 ; gain = 0.031
Post Processing Netlist | Checksum: 1f79cd6ea
INFO: [Opt 31-389] Phase Post Processing Netlist created 0 cells and removed 0 cells

Phase 9 Finalization

Phase 9.1 Finalizing Design Cores and Updating Shapes
Phase 9.1 Finalizing Design Cores and Updating Shapes | Checksum: 1f79cd6ea

Time (s): cpu = 00:00:00 ; elapsed = 00:00:00.035 . Memory (MB): peak = 1853.094 ; gain = 0.031

Phase 9.2 Verifying Netlist Connectivity

Starting Connectivity Check Task

Time (s): cpu = 00:00:00 ; elapsed = 00:00:00.005 . Memory (MB): peak = 1853.094 ; gain = 0.000
Phase 9.2 Verifying Netlist Connectivity | Checksum: 1f79cd6ea

Time (s): cpu = 00:00:00 ; elapsed = 00:00:00.041 . Memory (MB): peak = 1853.094 ; gain = 0.031
Phase 9 Finalization | Checksum: 1f79cd6ea

Time (s): cpu = 00:00:00 ; elapsed = 00:00:00.042 . Memory (MB): peak = 1853.094 ; gain = 0.031
Opt_design Change Summary
=========================


-------------------------------------------------------------------------------------------------------------------------
|  Phase                        |  #Cells created  |  #Cells Removed  |  #Constrained objects preventing optimizations  |
-------------------------------------------------------------------------------------------------------------------------
|  Retarget                     |               0  |               0  |                                              0  |
|  Constant propagation         |               0  |               0  |                                              0  |
|  Sweep                        |               0  |               0  |                                              0  |
|  BUFG optimization            |               0  |               0  |                                              0  |
|  Shift Register Optimization  |               0  |               0  |                                              0  |
|  Post Processing Netlist      |               0  |               0  |                                              0  |
-------------------------------------------------------------------------------------------------------------------------


Ending Logic Optimization Task | Checksum: 1f79cd6ea

Time (s): cpu = 00:00:00 ; elapsed = 00:00:00.044 . Memory (MB): peak = 1853.094 ; gain = 0.031

Starting Power Optimization Task
INFO: [Pwropt 34-132] Skipping clock gating for clocks with a period < 2.00 ns.
Ending Power Optimization Task | Checksum: 1f79cd6ea

Time (s): cpu = 00:00:00 ; elapsed = 00:00:00.014 . Memory (MB): peak = 1853.094 ; gain = 0.000

Starting Final Cleanup Task
Ending Final Cleanup Task | Checksum: 1f79cd6ea

Time (s): cpu = 00:00:00 ; elapsed = 00:00:00.001 . Memory (MB): peak = 1853.094 ; gain = 0.000
Netlist sorting complete. Time (s): cpu = 00:00:00 ; elapsed = 00:00:00 . Memory (MB): peak = 1853.094 ; gain = 0.000
INFO: [Common 17-83] Releasing license: Vivado_Implementation
25 Infos, 0 Warnings, 0 Critical Warnings and 0 Errors encountered.
opt_design completed successfully
opt_design: Time (s): cpu = 00:00:07 ; elapsed = 00:00:08 . Memory (MB): peak = 1853.094 ; gain = 958.344
INFO: [Vivado 12-24828] Executing command : report_drc -file seg_decoder_drc_opted.rpt -pb seg_decoder_drc_opted.pb -rpx seg_decoder_drc_opted.rpx
Command: report_drc -file seg_decoder_drc_opted.rpt -pb seg_decoder_drc_opted.pb -rpx seg_decoder_drc_opted.rpx
INFO: [IP_Flow 19-234] Refreshing IP repositories
INFO: [IP_Flow 19-1704] No user IP repositories specified
INFO: [IP_Flow 19-2313] Loaded Vivado IP repository 'C:/AMDDesignTools/2026.1/Vivado/data/ip'.
INFO: [DRC 23-27] Running DRC with 2 threads
INFO: [Vivado_Tcl 2-168] The results of DRC are in file C:/Users/a2391/lab1_10_seven_segment/vivado/seg_decoder.runs/impl_1/seg_decoder_drc_opted.rpt.
report_drc completed successfully
INFO: [Timing 38-480] Writing timing data to binary archive.
Write ShapeDB Complete: Time (s): cpu = 00:00:00 ; elapsed = 00:00:00.002 . Memory (MB): peak = 1853.094 ; gain = 0.000
Wrote PlaceDB: Time (s): cpu = 00:00:00 ; elapsed = 00:00:00 . Memory (MB): peak = 1853.094 ; gain = 0.000
Wrote PulsedLatchDB: Time (s): cpu = 00:00:00 ; elapsed = 00:00:00 . Memory (MB): peak = 1853.094 ; gain = 0.000
Writing XDEF routing.
Writing XDEF routing logical nets.
Writing XDEF routing special nets.
Wrote RouteStorage: Time (s): cpu = 00:00:00 ; elapsed = 00:00:00.008 . Memory (MB): peak = 1853.094 ; gain = 0.000
Wrote PlaceStorage: Time (s): cpu = 00:00:00 ; elapsed = 00:00:00 . Memory (MB): peak = 1853.094 ; gain = 0.000
Wrote Netlist Cache: Time (s): cpu = 00:00:00 ; elapsed = 00:00:00 . Memory (MB): peak = 1853.094 ; gain = 0.000
Wrote Device Cache: Time (s): cpu = 00:00:00 ; elapsed = 00:00:00.003 . Memory (MB): peak = 1853.094 ; gain = 0.000
Write Physdb Complete: Time (s): cpu = 00:00:00 ; elapsed = 00:00:00.020 . Memory (MB): peak = 1853.094 ; gain = 0.000
INFO: [Common 17-1381] The checkpoint 'C:/Users/a2391/lab1_10_seven_segment/vivado/seg_decoder.runs/impl_1/seg_decoder_opt.dcp' has been generated.
Command: place_design
Attempting to get a license for feature 'Vivado_Implementation' and/or device 'xc7s75'
INFO: [Common 17-349] Got license for feature 'Vivado_Implementation' and/or device 'xc7s75'
INFO: [Common 17-83] Releasing license: Vivado_Implementation
INFO: [Timing 38-35] Done setting XDC timing constraints.
Running DRC as a precondition to command place_design
INFO: [DRC 23-27] Running DRC with 2 threads
INFO: [Vivado_Tcl 4-198] DRC finished with 0 Errors
INFO: [Vivado_Tcl 4-199] Please refer to the DRC report (report_drc) for more information.
INFO: [Place 30-611] Multithreading enabled for place_design using a maximum of 2 CPUs

Starting Placer Task

Phase 1 Placer Initialization

Phase 1.1 Placer Initialization Netlist Sorting
Netlist sorting complete. Time (s): cpu = 00:00:00 ; elapsed = 00:00:00 . Memory (MB): peak = 1853.094 ; gain = 0.000
Phase 1.1 Placer Initialization Netlist Sorting | Checksum: 16628e061

Time (s): cpu = 00:00:00 ; elapsed = 00:00:00.002 . Memory (MB): peak = 1853.094 ; gain = 0.000
Netlist sorting complete. Time (s): cpu = 00:00:00 ; elapsed = 00:00:00.001 . Memory (MB): peak = 1853.094 ; gain = 0.000

Phase 1.2 IO Placement/ Clock Placement/ Build Placer Device
Phase 1.2 IO Placement/ Clock Placement/ Build Placer Device | Checksum: 16628e061

Time (s): cpu = 00:00:00 ; elapsed = 00:00:00.090 . Memory (MB): peak = 1853.094 ; gain = 0.000

Phase 1.3 Build Placer Netlist Model
Phase 1.3 Build Placer Netlist Model | Checksum: 16707d762

Time (s): cpu = 00:00:00 ; elapsed = 00:00:00.119 . Memory (MB): peak = 1853.094 ; gain = 0.000

Phase 1.4 Constrain Clocks/Macros
Phase 1.4 Constrain Clocks/Macros | Checksum: 16707d762

Time (s): cpu = 00:00:00 ; elapsed = 00:00:00.121 . Memory (MB): peak = 1853.094 ; gain = 0.000
Phase 1 Placer Initialization | Checksum: 16707d762

Time (s): cpu = 00:00:00 ; elapsed = 00:00:00.124 . Memory (MB): peak = 1853.094 ; gain = 0.000

Phase 2 Global Placement

Phase 2.1 Floorplanning
Phase 2.1 Floorplanning | Checksum: 16707d762

Time (s): cpu = 00:00:00 ; elapsed = 00:00:00.127 . Memory (MB): peak = 1853.094 ; gain = 0.000

Phase 2.2 Update Timing before SLR Path Opt
Phase 2.2 Update Timing before SLR Path Opt | Checksum: 16707d762

Time (s): cpu = 00:00:00 ; elapsed = 00:00:00.128 . Memory (MB): peak = 1853.094 ; gain = 0.000

Phase 2.3 Post-Processing in Floorplanning
Phase 2.3 Post-Processing in Floorplanning | Checksum: 16707d762

Time (s): cpu = 00:00:00 ; elapsed = 00:00:00.129 . Memory (MB): peak = 1853.094 ; gain = 0.000

Phase 2.4 Global Place Phase1
Phase 2.4 Global Place Phase1 | Checksum: 1f730c8ba

Time (s): cpu = 00:00:00 ; elapsed = 00:00:00.211 . Memory (MB): peak = 1853.094 ; gain = 0.000

Phase 2.5 Global Place Phase2
WARNING: [Place 46-29] Timing had been disabled during Placer and, therefore, physical synthesis in Placer will be skipped.
Phase 2.5 Global Place Phase2 | Checksum: 166784dce

Time (s): cpu = 00:00:00 ; elapsed = 00:00:00.263 . Memory (MB): peak = 1853.094 ; gain = 0.000
Phase 2 Global Placement | Checksum: 166784dce

Time (s): cpu = 00:00:00 ; elapsed = 00:00:00.265 . Memory (MB): peak = 1853.094 ; gain = 0.000

Phase 3 Detail Placement

Phase 3.1 Commit Multi Column Macros
Phase 3.1 Commit Multi Column Macros | Checksum: 166784dce

Time (s): cpu = 00:00:00 ; elapsed = 00:00:00.268 . Memory (MB): peak = 1853.094 ; gain = 0.000

Phase 3.2 Commit Most Macros & LUTRAMs
Phase 3.2 Commit Most Macros & LUTRAMs | Checksum: 22834e528

Time (s): cpu = 00:00:00 ; elapsed = 00:00:00.273 . Memory (MB): peak = 1853.094 ; gain = 0.000

Phase 3.3 Area Swap Optimization
Phase 3.3 Area Swap Optimization | Checksum: 1b41cbc8d

Time (s): cpu = 00:00:00 ; elapsed = 00:00:00.279 . Memory (MB): peak = 1853.094 ; gain = 0.000

Phase 3.4 Pipeline Register Optimization
Phase 3.4 Pipeline Register Optimization | Checksum: 1b41cbc8d

Time (s): cpu = 00:00:00 ; elapsed = 00:00:00.280 . Memory (MB): peak = 1853.094 ; gain = 0.000

Phase 3.5 Small Shape Detail Placement
Phase 3.5 Small Shape Detail Placement | Checksum: 2a7dbab75

Time (s): cpu = 00:00:00 ; elapsed = 00:00:00.398 . Memory (MB): peak = 1853.094 ; gain = 0.000

Phase 3.6 Re-assign LUT pins
Phase 3.6 Re-assign LUT pins | Checksum: 2a7dbab75

Time (s): cpu = 00:00:00 ; elapsed = 00:00:00.401 . Memory (MB): peak = 1853.094 ; gain = 0.000

Phase 3.7 Pipeline Register Optimization
Phase 3.7 Pipeline Register Optimization | Checksum: 2a7dbab75

Time (s): cpu = 00:00:00 ; elapsed = 00:00:00.402 . Memory (MB): peak = 1853.094 ; gain = 0.000
Phase 3 Detail Placement | Checksum: 2a7dbab75

Time (s): cpu = 00:00:00 ; elapsed = 00:00:00.403 . Memory (MB): peak = 1853.094 ; gain = 0.000

Phase 4 Post Placement Optimization and Clean-Up

Phase 4.1 Post Commit Optimization
Phase 4.1 Post Commit Optimization | Checksum: 2a7dbab75

Time (s): cpu = 00:00:00 ; elapsed = 00:00:00.467 . Memory (MB): peak = 1853.094 ; gain = 0.000

Phase 4.2 Post Placement Cleanup
Phase 4.2 Post Placement Cleanup | Checksum: 2a7dbab75

Time (s): cpu = 00:00:00 ; elapsed = 00:00:00.471 . Memory (MB): peak = 1853.094 ; gain = 0.000

Phase 4.3 Placer Reporting

Phase 4.3.1 Print Estimated Congestion
INFO: [Place 30-612] Post-Placement Estimated Congestion 
 ____________________________________________________
|           | Global Congestion | Short Congestion  |
| Direction | Region Size       | Region Size       |
|___________|___________________|___________________|
|      North|                1x1|                1x1|
|___________|___________________|___________________|
|      South|                1x1|                1x1|
|___________|___________________|___________________|
|       East|                1x1|                1x1|
|___________|___________________|___________________|
|       West|                1x1|                1x1|
|___________|___________________|___________________|

Phase 4.3.1 Print Estimated Congestion | Checksum: 2a7dbab75

Time (s): cpu = 00:00:00 ; elapsed = 00:00:00.472 . Memory (MB): peak = 1853.094 ; gain = 0.000
Phase 4.3 Placer Reporting | Checksum: 2a7dbab75

Time (s): cpu = 00:00:00 ; elapsed = 00:00:00.472 . Memory (MB): peak = 1853.094 ; gain = 0.000

Phase 4.4 Final Placement Cleanup
Netlist sorting complete. Time (s): cpu = 00:00:00 ; elapsed = 00:00:00 . Memory (MB): peak = 1853.094 ; gain = 0.000

Time (s): cpu = 00:00:00 ; elapsed = 00:00:00.472 . Memory (MB): peak = 1853.094 ; gain = 0.000
Phase 4 Post Placement Optimization and Clean-Up | Checksum: 2a7dbab75

Time (s): cpu = 00:00:00 ; elapsed = 00:00:00.473 . Memory (MB): peak = 1853.094 ; gain = 0.000
Ending Placer Task | Checksum: 1bd1acc6a

Time (s): cpu = 00:00:00 ; elapsed = 00:00:00.474 . Memory (MB): peak = 1853.094 ; gain = 0.000
41 Infos, 1 Warnings, 0 Critical Warnings and 0 Errors encountered.
place_design completed successfully
INFO: [Vivado 12-24838] Running report commands "report_control_sets, report_io, report_utilization" in parallel.
Running report generation with 2 threads.
INFO: [Vivado 12-24828] Executing command : report_io -file seg_decoder_io_placed.rpt
report_io: Time (s): cpu = 00:00:01 ; elapsed = 00:00:00.075 . Memory (MB): peak = 1853.094 ; gain = 0.000
INFO: [Vivado 12-24828] Executing command : report_control_sets -verbose -file seg_decoder_control_sets_placed.rpt
report_control_sets: Time (s): cpu = 00:00:00 ; elapsed = 00:00:00.002 . Memory (MB): peak = 1853.094 ; gain = 0.000
INFO: [Vivado 12-24828] Executing command : report_utilization -file seg_decoder_utilization_placed.rpt -pb seg_decoder_utilization_placed.pb
Write ShapeDB Complete: Time (s): cpu = 00:00:00 ; elapsed = 00:00:00.002 . Memory (MB): peak = 1853.094 ; gain = 0.000
INFO: [Timing 38-480] Writing timing data to binary archive.
Wrote PlaceDB: Time (s): cpu = 00:00:00 ; elapsed = 00:00:00 . Memory (MB): peak = 1853.094 ; gain = 0.000
Wrote PulsedLatchDB: Time (s): cpu = 00:00:00 ; elapsed = 00:00:00 . Memory (MB): peak = 1853.094 ; gain = 0.000
Writing XDEF routing.
Writing XDEF routing logical nets.
Writing XDEF routing special nets.
Wrote RouteStorage: Time (s): cpu = 00:00:00 ; elapsed = 00:00:00.007 . Memory (MB): peak = 1853.094 ; gain = 0.000
Wrote PlaceStorage: Time (s): cpu = 00:00:00 ; elapsed = 00:00:00.001 . Memory (MB): peak = 1853.094 ; gain = 0.000
Wrote Netlist Cache: Time (s): cpu = 00:00:00 ; elapsed = 00:00:00 . Memory (MB): peak = 1853.094 ; gain = 0.000
Wrote Device Cache: Time (s): cpu = 00:00:00 ; elapsed = 00:00:00.003 . Memory (MB): peak = 1853.094 ; gain = 0.000
Write Physdb Complete: Time (s): cpu = 00:00:00 ; elapsed = 00:00:00.018 . Memory (MB): peak = 1853.094 ; gain = 0.000
INFO: [Common 17-1381] The checkpoint 'C:/Users/a2391/lab1_10_seven_segment/vivado/seg_decoder.runs/impl_1/seg_decoder_placed.dcp' has been generated.
Command: phys_opt_design
Attempting to get a license for feature 'Vivado_Implementation' and/or device 'xc7s75'
INFO: [Common 17-349] Got license for feature 'Vivado_Implementation' and/or device 'xc7s75'

Starting Initial Update Timing Task

Time (s): cpu = 00:00:00 ; elapsed = 00:00:00.009 . Memory (MB): peak = 1853.094 ; gain = 0.000
INFO: [Vivado_Tcl 4-235] No timing constraint found. The netlist was not modified.
INFO: [Common 17-83] Releasing license: Vivado_Implementation
50 Infos, 1 Warnings, 0 Critical Warnings and 0 Errors encountered.
phys_opt_design completed successfully
Write ShapeDB Complete: Time (s): cpu = 00:00:00 ; elapsed = 00:00:00.001 . Memory (MB): peak = 1853.094 ; gain = 0.000
INFO: [Timing 38-480] Writing timing data to binary archive.
Wrote PlaceDB: Time (s): cpu = 00:00:00 ; elapsed = 00:00:00 . Memory (MB): peak = 1853.094 ; gain = 0.000
Wrote PulsedLatchDB: Time (s): cpu = 00:00:00 ; elapsed = 00:00:00 . Memory (MB): peak = 1853.094 ; gain = 0.000
Writing XDEF routing.
Writing XDEF routing logical nets.
Writing XDEF routing special nets.
Wrote RouteStorage: Time (s): cpu = 00:00:00 ; elapsed = 00:00:00.007 . Memory (MB): peak = 1853.094 ; gain = 0.000
Wrote PlaceStorage: Time (s): cpu = 00:00:00 ; elapsed = 00:00:00 . Memory (MB): peak = 1853.094 ; gain = 0.000
Wrote Netlist Cache: Time (s): cpu = 00:00:00 ; elapsed = 00:00:00 . Memory (MB): peak = 1853.094 ; gain = 0.000
Wrote Device Cache: Time (s): cpu = 00:00:00 ; elapsed = 00:00:00.003 . Memory (MB): peak = 1853.094 ; gain = 0.000
Write Physdb Complete: Time (s): cpu = 00:00:00 ; elapsed = 00:00:00.021 . Memory (MB): peak = 1853.094 ; gain = 0.000
INFO: [Common 17-1381] The checkpoint 'C:/Users/a2391/lab1_10_seven_segment/vivado/seg_decoder.runs/impl_1/seg_decoder_physopt.dcp' has been generated.
Command: route_design
Attempting to get a license for feature 'Vivado_Implementation' and/or device 'xc7s75'
INFO: [Common 17-349] Got license for feature 'Vivado_Implementation' and/or device 'xc7s75'


Starting Routing Task
INFO: [Route 35-254] Multithreading enabled for route_design using a maximum of 2 CPUs

Phase 1 Build RT Design
Checksum: PlaceDB: d2cc63aa ConstDB: 0 ShapeSum: 937e2438 RouteDB: 56d04488
Post Restoration Checksum: NetGraph: b81570f8 | NumContArr: 43e4ced3 | Constraints: c2a8fa9d | Timing: c2a8fa9d
Phase 1 Build RT Design | Checksum: 2814c3505

Time (s): cpu = 00:00:21 ; elapsed = 00:00:20 . Memory (MB): peak = 1853.094 ; gain = 0.000

Phase 2 Router Initialization
INFO: [Route 35-64] No timing constraints were detected. The router will operate in resource-optimization mode.

Phase 2.1 Fix Topology Constraints
Phase 2.1 Fix Topology Constraints | Checksum: 2814c3505

Time (s): cpu = 00:00:21 ; elapsed = 00:00:20 . Memory (MB): peak = 1853.094 ; gain = 0.000

Phase 2.2 Pre Route Cleanup
Phase 2.2 Pre Route Cleanup | Checksum: 2814c3505

Time (s): cpu = 00:00:21 ; elapsed = 00:00:20 . Memory (MB): peak = 1853.094 ; gain = 0.000
 Number of Nodes with overlaps = 0

Router Utilization Summary
  Global Vertical Routing Utilization    = 0 %
  Global Horizontal Routing Utilization  = 0 %
  Routable Net Status*
  *Does not include unroutable nets such as driverless and loadless.
  Run report_route_status for detailed report.
  Number of Failed Nets               = 11
    (Failed Nets is the sum of unrouted and partially routed nets)
  Number of Unrouted Nets             = 11
  Number of Partially Routed Nets     = 0
  Number of Node Overlaps             = 0

Phase 2 Router Initialization | Checksum: 2b06854fe

Time (s): cpu = 00:00:22 ; elapsed = 00:00:20 . Memory (MB): peak = 1853.094 ; gain = 0.000

Phase 3 Global Routing
Phase 3 Global Routing | Checksum: 2b06854fe

Time (s): cpu = 00:00:22 ; elapsed = 00:00:20 . Memory (MB): peak = 1853.094 ; gain = 0.000

Phase 4 Initial Routing

Phase 4.1 Initial Net Routing Pass
Phase 4.1 Initial Net Routing Pass | Checksum: 30b27acd7

Time (s): cpu = 00:00:22 ; elapsed = 00:00:20 . Memory (MB): peak = 1853.094 ; gain = 0.000
Phase 4 Initial Routing | Checksum: 30b27acd7

Time (s): cpu = 00:00:22 ; elapsed = 00:00:20 . Memory (MB): peak = 1853.094 ; gain = 0.000

Phase 5 Rip-up And Reroute

Phase 5.1 Global Iteration 0
 Number of Nodes with overlaps = 0
Phase 5.1 Global Iteration 0 | Checksum: 29c6dbda7

Time (s): cpu = 00:00:22 ; elapsed = 00:00:20 . Memory (MB): peak = 1853.094 ; gain = 0.000
Phase 5 Rip-up And Reroute | Checksum: 29c6dbda7

Time (s): cpu = 00:00:22 ; elapsed = 00:00:20 . Memory (MB): peak = 1853.094 ; gain = 0.000

Phase 6 Delay and Skew Optimization
Phase 6 Delay and Skew Optimization | Checksum: 29c6dbda7

Time (s): cpu = 00:00:22 ; elapsed = 00:00:20 . Memory (MB): peak = 1853.094 ; gain = 0.000

Phase 7 Post Hold Fix

Phase 7.1 Hold Fix Iter
Phase 7.1 Hold Fix Iter | Checksum: 29c6dbda7

Time (s): cpu = 00:00:22 ; elapsed = 00:00:20 . Memory (MB): peak = 1853.094 ; gain = 0.000
Phase 7 Post Hold Fix | Checksum: 29c6dbda7

Time (s): cpu = 00:00:22 ; elapsed = 00:00:20 . Memory (MB): peak = 1853.094 ; gain = 0.000

Phase 8 Route finalize

Router Utilization Summary
  Global Vertical Routing Utilization    = 0.00900901 %
  Global Horizontal Routing Utilization  = 0.00194637 %
  Routable Net Status*
  *Does not include unroutable nets such as driverless and loadless.
  Run report_route_status for detailed report.
  Number of Failed Nets               = 0
    (Failed Nets is the sum of unrouted and partially routed nets)
  Number of Unrouted Nets             = 0
  Number of Partially Routed Nets     = 0
  Number of Node Overlaps             = 0


--GLOBAL Congestion:
Utilization threshold used for congestion level computation: 0.85
Congestion Report
North Dir 1x1 Area, Max Cong = 16.2162%, No Congested Regions.
South Dir 1x1 Area, Max Cong = 18.018%, No Congested Regions.
East Dir 1x1 Area, Max Cong = 11.7647%, No Congested Regions.
West Dir 1x1 Area, Max Cong = 4.41176%, No Congested Regions.

------------------------------
Reporting congestion hotspots
------------------------------
Direction: North
----------------
Congested clusters found at Level 0
Effective congestion level: 0 Aspect Ratio: 1 Sparse Ratio: 0
Direction: South
----------------
Congested clusters found at Level 0
Effective congestion level: 0 Aspect Ratio: 1 Sparse Ratio: 0
Direction: East
----------------
Congested clusters found at Level 0
Effective congestion level: 0 Aspect Ratio: 1 Sparse Ratio: 0
Direction: West
----------------
Congested clusters found at Level 0
Effective congestion level: 0 Aspect Ratio: 1 Sparse Ratio: 0

Phase 8 Route finalize | Checksum: 29c6dbda7

Time (s): cpu = 00:00:22 ; elapsed = 00:00:20 . Memory (MB): peak = 1853.094 ; gain = 0.000

Phase 9 Verifying routed nets

 Verification completed successfully
Phase 9 Verifying routed nets | Checksum: 29c6dbda7

Time (s): cpu = 00:00:22 ; elapsed = 00:00:20 . Memory (MB): peak = 1853.094 ; gain = 0.000

Phase 10 Depositing Routes
Phase 10 Depositing Routes | Checksum: 25c33b0cc

Time (s): cpu = 00:00:22 ; elapsed = 00:00:20 . Memory (MB): peak = 1853.094 ; gain = 0.000

Phase 11 Post Process Routing
Phase 11 Post Process Routing | Checksum: 25c33b0cc

Time (s): cpu = 00:00:22 ; elapsed = 00:00:20 . Memory (MB): peak = 1853.094 ; gain = 0.000
Total Elapsed time in route_design: 20.475 secs

Phase 12 Post-Route Event Processing
Phase 12 Post-Route Event Processing | Checksum: 232931b12

Time (s): cpu = 00:00:22 ; elapsed = 00:00:20 . Memory (MB): peak = 1853.094 ; gain = 0.000
INFO: [Route 35-16] Router Completed Successfully
Ending Routing Task | Checksum: 232931b12

Time (s): cpu = 00:00:22 ; elapsed = 00:00:20 . Memory (MB): peak = 1853.094 ; gain = 0.000

Routing Is Done.
INFO: [Common 17-83] Releasing license: Vivado_Implementation
57 Infos, 1 Warnings, 0 Critical Warnings and 0 Errors encountered.
route_design completed successfully
route_design: Time (s): cpu = 00:00:22 ; elapsed = 00:00:21 . Memory (MB): peak = 1853.094 ; gain = 0.000
INFO: [Vivado 12-24828] Executing command : report_drc -file seg_decoder_drc_routed.rpt -pb seg_decoder_drc_routed.pb -rpx seg_decoder_drc_routed.rpx
Command: report_drc -file seg_decoder_drc_routed.rpt -pb seg_decoder_drc_routed.pb -rpx seg_decoder_drc_routed.rpx
INFO: [IP_Flow 19-1839] IP Catalog is up to date.
INFO: [DRC 23-27] Running DRC with 2 threads
INFO: [Vivado_Tcl 2-168] The results of DRC are in file C:/Users/a2391/lab1_10_seven_segment/vivado/seg_decoder.runs/impl_1/seg_decoder_drc_routed.rpt.
report_drc completed successfully
INFO: [Vivado 12-24828] Executing command : report_methodology -file seg_decoder_methodology_drc_routed.rpt -pb seg_decoder_methodology_drc_routed.pb -rpx seg_decoder_methodology_drc_routed.rpx
Command: report_methodology -file seg_decoder_methodology_drc_routed.rpt -pb seg_decoder_methodology_drc_routed.pb -rpx seg_decoder_methodology_drc_routed.rpx
INFO: [Timing 38-35] Done setting XDC timing constraints.
INFO: [DRC 23-133] Running Methodology with 2 threads
INFO: [Vivado_Tcl 2-1520] The results of Report Methodology are in file C:/Users/a2391/lab1_10_seven_segment/vivado/seg_decoder.runs/impl_1/seg_decoder_methodology_drc_routed.rpt.
report_methodology completed successfully
INFO: [Vivado 12-24828] Executing command : report_timing_summary -max_paths 10 -routable_nets -report_unconstrained -file seg_decoder_timing_summary_routed.rpt -pb seg_decoder_timing_summary_routed.pb -rpx seg_decoder_timing_summary_routed.rpx -warn_on_violation 
INFO: [Timing 38-35] Done setting XDC timing constraints.
INFO: [Timing 38-91] UpdateTimingParams: Speed grade: -1, Delay Type: min_max.
INFO: [Timing 38-191] Multithreading enabled for timing update using a maximum of 2 CPUs
WARNING: [Timing 38-313] There are no user specified timing constraints. Timing constraints are needed for proper timing analysis.
INFO: [Vivado 12-24838] Running report commands "report_incremental_reuse, report_route_status" in parallel.
Running report generation with 2 threads.
INFO: [Vivado 12-24828] Executing command : report_route_status -file seg_decoder_route_status.rpt -pb seg_decoder_route_status.pb
INFO: [Vivado 12-24828] Executing command : report_incremental_reuse -file seg_decoder_incremental_reuse_routed.rpt
INFO: [Vivado_Tcl 4-1062] Incremental flow is disabled. No incremental reuse Info to report.
INFO: [Vivado 12-24828] Executing command : report_power -file seg_decoder_power_routed.rpt -pb seg_decoder_power_summary_routed.pb -rpx seg_decoder_power_routed.rpx
Command: report_power -file seg_decoder_power_routed.rpt -pb seg_decoder_power_summary_routed.pb -rpx seg_decoder_power_routed.rpx
WARNING: [Power 33-232] No user defined clocks were found in the design! Power estimation will be inaccurate until this is corrected.
Resolution: Please specify clocks using create_clock/create_generated_clock for sequential elements. For pure combinatorial circuits, please specify a virtual clock, otherwise the vectorless estimation might be inaccurate
Running Vector-less Activity Propagation...

Finished Running Vector-less Activity Propagation
74 Infos, 3 Warnings, 0 Critical Warnings and 0 Errors encountered.
report_power completed successfully
INFO: [Vivado 12-24828] Executing command : report_clock_utilization -file seg_decoder_clock_utilization_routed.rpt
INFO: [Vivado 12-24828] Executing command : report_bus_skew -warn_on_violation -file seg_decoder_bus_skew_routed.rpt -pb seg_decoder_bus_skew_routed.pb -rpx seg_decoder_bus_skew_routed.rpx
INFO: [Timing 38-91] UpdateTimingParams: Speed grade: -1, Delay Type: min_max.
INFO: [Timing 38-191] Multithreading enabled for timing update using a maximum of 2 CPUs
Write ShapeDB Complete: Time (s): cpu = 00:00:00 ; elapsed = 00:00:00.001 . Memory (MB): peak = 1853.094 ; gain = 0.000
INFO: [Timing 38-480] Writing timing data to binary archive.
Wrote PlaceDB: Time (s): cpu = 00:00:00 ; elapsed = 00:00:00 . Memory (MB): peak = 1853.094 ; gain = 0.000
Wrote PulsedLatchDB: Time (s): cpu = 00:00:00 ; elapsed = 00:00:00 . Memory (MB): peak = 1853.094 ; gain = 0.000
Writing XDEF routing.
Writing XDEF routing logical nets.
Writing XDEF routing special nets.
Wrote RouteStorage: Time (s): cpu = 00:00:00 ; elapsed = 00:00:00.008 . Memory (MB): peak = 1853.094 ; gain = 0.000
Wrote PlaceStorage: Time (s): cpu = 00:00:00 ; elapsed = 00:00:00 . Memory (MB): peak = 1853.094 ; gain = 0.000
Wrote Netlist Cache: Time (s): cpu = 00:00:00 ; elapsed = 00:00:00 . Memory (MB): peak = 1853.094 ; gain = 0.000
Wrote Device Cache: Time (s): cpu = 00:00:00 ; elapsed = 00:00:00.003 . Memory (MB): peak = 1853.094 ; gain = 0.000
Write Physdb Complete: Time (s): cpu = 00:00:00 ; elapsed = 00:00:00.019 . Memory (MB): peak = 1853.094 ; gain = 0.000
INFO: [Common 17-1381] The checkpoint 'C:/Users/a2391/lab1_10_seven_segment/vivado/seg_decoder.runs/impl_1/seg_decoder_routed.dcp' has been generated.
INFO: [Common 17-206] Exiting Vivado at Sat Sep 19 01:14:21 2026...

*** Running vivado
    with args -log seg_decoder.vdi -applog -m64 -product Vivado -messageDb vivado.pb -mode batch -source seg_decoder.tcl -notrace


INFO: [Common 17-3922] A valid Vivado Design Suite BASIC license has been detected. Your current license is active and will expire on 11-sep-2027.
#-----------------------------------------------------------
# Vivado v2026.1 (64-bit)
# SW Build 6511674 on Tue Jun 16 11:02:23 MDT 2026
# IP Build 6504888 on Tue Jun 09 09:05:25 MDT 2026
# SharedData Build 6501428 on Mon Jun 08 17:34:18 MDT 2026
# Start of session at: Sat Sep 19 01:14:44 2026
# Process ID         : 27912
# Current directory  : C:/Users/a2391/lab1_10_seven_segment/vivado/seg_decoder.runs/impl_1
# Command line       : vivado.exe -log seg_decoder.vdi -applog -product Vivado -messageDb vivado.pb -mode batch -source seg_decoder.tcl -notrace
# Log file           : C:/Users/a2391/lab1_10_seven_segment/vivado/seg_decoder.runs/impl_1/seg_decoder.vdi
# Journal file       : C:/Users/a2391/lab1_10_seven_segment/vivado/seg_decoder.runs/impl_1\vivado.jou
# Running On         : BOOK-OPT2TNA3HM
# Platform           : Windows 11
# Operating System   : 26200
# Processor Detail   : Intel(R) Core(TM) Ultra 5 226V
# CPU Frequency      : 3110 MHz
# CPU Physical cores : 8
# CPU Logical cores  : 8
# Host memory        : 16687 MB
# Swap memory        : 6442 MB
# Total Virtual      : 23130 MB
# Available Virtual  : 3893 MB
#-----------------------------------------------------------

****** Vivado v2026.1 (64-bit)
  **** SW Build 6511674 on Tue Jun 16 11:02:23 MDT 2026
  **** IP Build 6504888 on Tue Jun 09 09:05:25 MDT 2026
  **** SharedData Build 6501428 on Mon Jun 08 17:34:18 MDT 2026
  **** Start of session at: Sat Sep 19 01:14:44 2026
    ** Copyright 1986-2022 Xilinx, Inc. All Rights Reserved.
    ** Copyright 2022-2026 Advanced Micro Devices, Inc. All Rights Reserved.

source seg_decoder.tcl -notrace
Command: open_checkpoint seg_decoder_routed.dcp
INFO: [Device 21-403] Loading part xc7s75fgga484-1
Netlist sorting complete. Time (s): cpu = 00:00:00 ; elapsed = 00:00:00 . Memory (MB): peak = 767.762 ; gain = 0.000
INFO: [Project 1-479] Netlist was created with Vivado 2026.1
INFO: [Project 1-570] Preparing netlist for logic optimization
Read ShapeDB Complete: Time (s): cpu = 00:00:00 ; elapsed = 00:00:00.002 . Memory (MB): peak = 859.945 ; gain = 0.000
INFO: [Timing 38-478] Restoring timing data from binary archive.
INFO: [Timing 38-479] Binary timing data restore complete.
INFO: [Project 1-856] Restoring constraints from binary archive.
INFO: [Project 1-853] Binary constraint restore complete.
INFO: [Designutils 20-5722] Start Reading Physical Databases.
Reading placement.
Read Netlist Cache: Time (s): cpu = 00:00:00 ; elapsed = 00:00:00.001 . Memory (MB): peak = 1340.648 ; gain = 0.000
Reading placer database...
Read Device Cache: Time (s): cpu = 00:00:00 ; elapsed = 00:00:00.003 . Memory (MB): peak = 1340.648 ; gain = 0.000
Read PlaceDB: Time (s): cpu = 00:00:00 ; elapsed = 00:00:00 . Memory (MB): peak = 1340.648 ; gain = 0.000
Read placeStorage: Time (s): cpu = 00:00:00 ; elapsed = 00:00:00.001 . Memory (MB): peak = 1351.441 ; gain = 10.793
Read PulsedLatchDB: Time (s): cpu = 00:00:00 ; elapsed = 00:00:00 . Memory (MB): peak = 1351.441 ; gain = 0.000
Reading routing.
Read RouteStorage: Time (s): cpu = 00:00:00 ; elapsed = 00:00:00.003 . Memory (MB): peak = 1351.441 ; gain = 0.000
Read Physdb Files: Time (s): cpu = 00:00:00 ; elapsed = 00:00:00.016 . Memory (MB): peak = 1351.441 ; gain = 10.793
Restored from archive | CPU: 0.000000 secs | Memory: 0.000000 MB |
Finished XDEF File Restore: Time (s): cpu = 00:00:00 ; elapsed = 00:00:00.054 . Memory (MB): peak = 1351.441 ; gain = 26.438
Netlist sorting complete. Time (s): cpu = 00:00:00 ; elapsed = 00:00:00 . Memory (MB): peak = 1351.441 ; gain = 0.000
INFO: [Project 1-111] Unisim Transformation Summary:
No Unisim elements were transformed.

INFO: [Project 1-604] Checkpoint was created with Vivado v2026.1 (64-bit) build 6511674
open_checkpoint: Time (s): cpu = 00:00:15 ; elapsed = 00:00:13 . Memory (MB): peak = 1351.441 ; gain = 1039.348
Command: write_bitstream -force seg_decoder.bit
Attempting to get a license for feature 'Vivado_Implementation' and/or device 'xc7s75'
INFO: [Common 17-349] Got license for feature 'Vivado_Implementation' and/or device 'xc7s75'
Running DRC as a precondition to command write_bitstream
INFO: [IP_Flow 19-234] Refreshing IP repositories
INFO: [IP_Flow 19-1704] No user IP repositories specified
INFO: [IP_Flow 19-2313] Loaded Vivado IP repository 'C:/AMDDesignTools/2026.1/Vivado/data/ip'.
INFO: [DRC 23-27] Running DRC with 2 threads
INFO: [Vivado 12-3199] DRC finished with 0 Errors
INFO: [Vivado 12-3200] Please refer to the DRC report (report_drc) for more information.
Integrating Hard IP ELF/MEM with the PDI.
INFO: [Designutils 20-2272] Running write_bitstream with 2 threads.
Initializing bitstream generation complete. Time (s): cpu = 00:00:00 ; elapsed = 00:00:00.660 . Memory (MB): peak = 1590.746 ; gain = 85.125
Loading data files...
Loading site data...
Loading route data...
Processing options...
Creating bitmap...
Creating bitstream...
Writing bitstream ./seg_decoder.bit...
Generate Bitstream complete. Time (s): cpu = 00:00:05 ; elapsed = 00:00:05 . Memory (MB): peak = 1850.277 ; gain = 344.656
INFO: [Vivado 12-1842] Bitgen Completed Successfully.
INFO: [Common 17-83] Releasing license: Vivado_Implementation
20 Infos, 0 Warnings, 0 Critical Warnings and 0 Errors encountered.
write_bitstream completed successfully
write_bitstream: Time (s): cpu = 00:00:08 ; elapsed = 00:00:16 . Memory (MB): peak = 1850.277 ; gain = 498.836
INFO: [Common 17-206] Exiting Vivado at Sat Sep 19 01:15:15 2026...
